                  "archiveName": "modresorts-2.0.0.war",
         "archiveName": "/root/source/modresorts/modresorts/target/modresorts-2.0.0.war",
               "archiveName": "/root/source/modresorts/modresorts/target/modresorts-2.0.0.war/WEB-INF/lib/gson-2.10.1.jar",
