###BEGIN-API-OUTPUT:
org.openrewrite.java.migrate.JpaCacheProperties
