         "ruleId": "DatabasesRule",
         "ruleId": "DetectEJBJNDIbindingName",
         "ruleId": "DetectPropertiesFiles",
         "ruleId": "DetectTransactionPropagationEJBRemote",
         "ruleId": "EJBNamingLookupRule",
         "ruleId": "RemoteEJBLookupsRule",
         "ruleId": "RemoteEJBProvidersRule",
         "ruleId": "RemovedJSFSunRI",
