         "ruleId": "CollectionMethods",
         "ruleId": "JREcheckisLowerCaseisUpperCase",
         "ruleId": "JRELocaleGetDefault",
         "ruleId": "JREUrlConnectionGetInputStream",
         "ruleId": "MonthFormattingNames",
         "ruleId": "MXBeanRuleExtended",
         "ruleId": "StringSplit",
