      "/root/source/modresorts/modresorts/target/modresorts-2.0.0.war"
      "--targetAppServer=liberty",
      "--targetJava=ibm8",
