         "ruleId": "DatabasesRule",
         "ruleId": "DetectEJBJNDIbindingName",
         "ruleId": "DetectPropertiesFiles",
         "ruleId": "DetectTransactionPropagationEJBRemote",
         "ruleId": "EJBNamingLookupRule",
         "ruleId": "JpaCacheProperties",
         "ruleId": "JpaOrmXml",
         "ruleId": "MissingBeansFile",
         "ruleId": "OpenJPAConfigurationProperties",
         "ruleId": "OpenJPAPersistenceProvider",
         "ruleId": "RemoteEJBLookupsRule",
         "ruleId": "RemoteEJBProvidersRule",
         "ruleId": "RemovedJSFSunRI",
