"ruleId": "CollectionMethods",
"ruleId": "CreateThreadMethodsInWebOrEjbProject",
"ruleId": "ImplicitCDIBehaviorChange",
"ruleId": "JREcheckisLowerCaseisUpperCase",
"ruleId": "JRELocaleGetDefault",
"ruleId": "JREUrlConnectionGetInputStream",
"ruleId": "MissingBeansFile",
"ruleId": "MonthFormattingNames",
"ruleId": "MXBeanRuleExtended",
"ruleId": "SendRedirectBehaviorChange",
"ruleId": "StringSplit",
"ruleId": "WebSphereServletChainRule",
