         "ruleId": "BeansXmlNamespace",
         "ruleId": "DatabasesRule",
         "ruleId": "DetectPropertiesFiles",
         "ruleId": "MissingBeansFile",
         "ruleId": "URLRuleDockerCloud",
