      "ruleId": "DetectJAXRS",
      "ruleId": "DetectJPA",
      "ruleId": "OpenJPAConfigurationProperties",
