         "ruleId": "DatabasesRule",
         "ruleId": "DetectPropertiesFiles",
         "ruleId": "URLRuleDockerCloud",
