         "ruleId": "DatabasesRule",
         "ruleId": "DetectPropertiesFiles",
         "ruleId": "RemoteEJBLookupsRule",
         "ruleId": "RemoteEJBProvidersRule",
