         "ruleId": "DatabasesRule",
         "ruleId": "RemoteWebServicesRule",
         "ruleId": "URLRuleDockerCloud",
