    <application id="GarageSale.ear" location="GarageSale.ear" name="GarageSale.ear" type="ear"/>
