wmq.jmsra.rar
db2jcc_license_cisuz.jar
sqljdbc4.jar
db2jcc_license_cu.jar
db2jcc.jar
