db2jcc.jar
db2jcc_license_cisuz.jar
db2jcc_license_cu.jar
sqljdbc4.jar
wmq.jmsra.rar
