org.openrewrite.java.liberty.ServerName
expecting few more here
