org.openrewrite.java.liberty.ServerName
org.openrewrite.java.liberty.RemoveWas2LibertyNonPortableJndiLookup
org.openrewrite.java.liberty.WebSphereUnavailableSSOCookieMethod
