recipeList: [org.openrewrite.java.migrate.javaee7.OpenJPAPersistenceProvider, org.openrewrite.java.migrate.JpaCacheProperties]
name: com.ibm.testRecipe
type: specs.openrewrite.org/v1beta/recipe
