INFO: Detected pom.xml, setting build tool type to "maven"
INFO: Using 'mvn --version' for maven home location: /root/maven/apache-maven-3.9.6
[36m
[INFO] Scanning for projects...
[INFO] 
[INFO] ---------------------< com.acme.modres:modresorts >---------------------
[INFO] Building ModResorts 2.0.0
[INFO]   from pom.xml
[INFO] --------------------------------[ war ]---------------------------------
[INFO] 
[INFO] >>> rewrite:5.23.3:run (default-cli) > process-test-classes @ modresorts >>>
[INFO] 
[INFO] --- resources:3.2.0:resources (default-resources) @ modresorts ---
[INFO] Using 'UTF-8' encoding to copy filtered resources.
[INFO] Using 'UTF-8' encoding to copy filtered properties files.
[INFO] Copying 4 resources to /root/source/modresorts/modresorts/target/liberty/wlp/usr/shared/config/lib/global
[INFO] 
[INFO] --- compiler:3.11.0:compile (default-compile) @ modresorts ---
[INFO] Changes detected - recompiling the module! :source
[INFO] Compiling 11 source files with javac [debug target 1.8] to target/classes
[WARNING] bootstrap class path not set in conjunction with -source 8
[INFO] 
[INFO] --- resources:3.2.0:testResources (default-testResources) @ modresorts ---
[INFO] Using 'UTF-8' encoding to copy filtered resources.
[INFO] Using 'UTF-8' encoding to copy filtered properties files.
[INFO] skip non existing resourceDirectory /root/source/modresorts/modresorts/src/test/resources
[INFO] 
[INFO] --- compiler:3.11.0:testCompile (default-testCompile) @ modresorts ---
[INFO] Changes detected - recompiling the module! :dependency
[INFO] Compiling 1 source file with javac [debug target 1.8] to target/test-classes
[WARNING] bootstrap class path not set in conjunction with -source 8
[INFO] 
[INFO] <<< rewrite:5.23.3:run (default-cli) < process-test-classes @ modresorts <<<
[INFO] 
[INFO] 
[INFO] --- rewrite:5.23.3:run (default-cli) @ modresorts ---
[INFO] Using active recipe(s) [com.ibm.testRecipe]
[INFO] Using active styles(s) []
[INFO] Validating active recipes...
[INFO] Project [ModResorts] Resolving Poms...
[WARNING] Failed to access maven repository https://maven.java.net/content/repositories/snapshots
java.io.UncheckedIOException: javax.net.ssl.SSLHandshakeException: PKIX path building failed: sun.security.provider.certpath.SunCertPathBuilderException: unable to find valid certification path to requested target
    at org.openrewrite.ipc.http.HttpUrlConnectionSender.send (HttpUrlConnectionSender.java:116)
    at org.openrewrite.maven.internal.MavenPomDownloader.lambda$sendRequest$1 (MavenPomDownloader.java:142)
    at dev.failsafe.Functions.lambda$toCtxSupplier$11 (Functions.java:243)
    at dev.failsafe.Functions.lambda$get$0 (Functions.java:46)
    at dev.failsafe.internal.RetryPolicyExecutor.lambda$apply$0 (RetryPolicyExecutor.java:74)
    at dev.failsafe.SyncExecutionImpl.executeSync (SyncExecutionImpl.java:187)
    at dev.failsafe.FailsafeExecutor.call (FailsafeExecutor.java:376)
    at dev.failsafe.FailsafeExecutor.get (FailsafeExecutor.java:112)
    at org.openrewrite.maven.internal.MavenPomDownloader.sendRequest (MavenPomDownloader.java:141)
    at org.openrewrite.maven.internal.MavenPomDownloader.normalizeRepository (MavenPomDownloader.java:741)
    at org.openrewrite.maven.internal.MavenPomDownloader.distinctNormalizedRepositories (MavenPomDownloader.java:663)
    at org.openrewrite.maven.internal.MavenPomDownloader.download (MavenPomDownloader.java:502)
    at org.openrewrite.maven.tree.ResolvedPom$Resolver.resolveParentPom (ResolvedPom.java:492)
    at org.openrewrite.maven.tree.ResolvedPom$Resolver.resolveParentDependenciesRecursively (ResolvedPom.java:427)
    at org.openrewrite.maven.tree.ResolvedPom$Resolver.resolveParentsRecursively (ResolvedPom.java:375)
    at org.openrewrite.maven.tree.ResolvedPom.resolveDependencies (ResolvedPom.java:838)
    at org.openrewrite.maven.tree.ResolvedPom.resolveDependencies (ResolvedPom.java:754)
    at org.openrewrite.maven.tree.MavenResolutionResult.resolveDependencies (MavenResolutionResult.java:174)
    at org.openrewrite.maven.MavenParser.parseInputs (MavenParser.java:116)
    at org.openrewrite.Parser.parse (Parser.java:59)
    at org.openrewrite.maven.MavenMojoProjectParser.parseMaven (MavenMojoProjectParser.java:557)
    at org.openrewrite.maven.MavenMojoProjectParser.listSourceFiles (MavenMojoProjectParser.java:149)
    at org.openrewrite.maven.AbstractRewriteMojo.loadSourceSet (AbstractRewriteMojo.java:258)
    at org.openrewrite.maven.AbstractRewriteMojo.listResults (AbstractRewriteMojo.java:240)
    at org.openrewrite.maven.AbstractRewriteRunMojo.execute (AbstractRewriteRunMojo.java:62)
    at org.apache.maven.plugin.DefaultBuildPluginManager.executeMojo (DefaultBuildPluginManager.java:126)
    at org.apache.maven.lifecycle.internal.MojoExecutor.doExecute2 (MojoExecutor.java:328)
    at org.apache.maven.lifecycle.internal.MojoExecutor.doExecute (MojoExecutor.java:316)
    at org.apache.maven.lifecycle.internal.MojoExecutor.execute (MojoExecutor.java:212)
    at org.apache.maven.lifecycle.internal.MojoExecutor.execute (MojoExecutor.java:174)
    at org.apache.maven.lifecycle.internal.MojoExecutor.access$000 (MojoExecutor.java:75)
    at org.apache.maven.lifecycle.internal.MojoExecutor$1.run (MojoExecutor.java:162)
    at org.apache.maven.plugin.DefaultMojosExecutionStrategy.execute (DefaultMojosExecutionStrategy.java:39)
    at org.apache.maven.lifecycle.internal.MojoExecutor.execute (MojoExecutor.java:159)
    at org.apache.maven.lifecycle.internal.LifecycleModuleBuilder.buildProject (LifecycleModuleBuilder.java:105)
    at org.apache.maven.lifecycle.internal.LifecycleModuleBuilder.buildProject (LifecycleModuleBuilder.java:73)
    at org.apache.maven.lifecycle.internal.builder.singlethreaded.SingleThreadedBuilder.build (SingleThreadedBuilder.java:53)
    at org.apache.maven.lifecycle.internal.LifecycleStarter.execute (LifecycleStarter.java:118)
    at org.apache.maven.DefaultMaven.doExecute (DefaultMaven.java:261)
    at org.apache.maven.DefaultMaven.doExecute (DefaultMaven.java:173)
    at org.apache.maven.DefaultMaven.execute (DefaultMaven.java:101)
    at org.apache.maven.cli.MavenCli.execute (MavenCli.java:906)
    at org.apache.maven.cli.MavenCli.doMain (MavenCli.java:283)
    at org.apache.maven.cli.MavenCli.main (MavenCli.java:206)
    at jdk.internal.reflect.NativeMethodAccessorImpl.invoke0 (Native Method)
    at jdk.internal.reflect.NativeMethodAccessorImpl.invoke (NativeMethodAccessorImpl.java:77)
    at jdk.internal.reflect.DelegatingMethodAccessorImpl.invoke (DelegatingMethodAccessorImpl.java:43)
    at java.lang.reflect.Method.invoke (Method.java:568)
    at org.codehaus.plexus.classworlds.launcher.Launcher.launchEnhanced (Launcher.java:283)
    at org.codehaus.plexus.classworlds.launcher.Launcher.launch (Launcher.java:226)
    at org.codehaus.plexus.classworlds.launcher.Launcher.mainWithExitCode (Launcher.java:407)
    at org.codehaus.plexus.classworlds.launcher.Launcher.main (Launcher.java:348)
Caused by: javax.net.ssl.SSLHandshakeException: PKIX path building failed: sun.security.provider.certpath.SunCertPathBuilderException: unable to find valid certification path to requested target
    at sun.security.ssl.Alert.createSSLException (Alert.java:131)
    at sun.security.ssl.TransportContext.fatal (TransportContext.java:371)
    at sun.security.ssl.TransportContext.fatal (TransportContext.java:314)
    at sun.security.ssl.TransportContext.fatal (TransportContext.java:309)
    at sun.security.ssl.CertificateMessage$T12CertificateConsumer.checkServerCerts (CertificateMessage.java:654)
    at sun.security.ssl.CertificateMessage$T12CertificateConsumer.onCertificate (CertificateMessage.java:473)
    at sun.security.ssl.CertificateMessage$T12CertificateConsumer.consume (CertificateMessage.java:369)
    at sun.security.ssl.SSLHandshake.consume (SSLHandshake.java:396)
    at sun.security.ssl.HandshakeContext.dispatch (HandshakeContext.java:480)
    at sun.security.ssl.HandshakeContext.dispatch (HandshakeContext.java:458)
    at sun.security.ssl.TransportContext.dispatch (TransportContext.java:201)
    at sun.security.ssl.SSLTransport.decode (SSLTransport.java:172)
    at sun.security.ssl.SSLSocketImpl.decode (SSLSocketImpl.java:1500)
    at sun.security.ssl.SSLSocketImpl.readHandshakeRecord (SSLSocketImpl.java:1415)
    at sun.security.ssl.SSLSocketImpl.startHandshake (SSLSocketImpl.java:450)
    at sun.security.ssl.SSLSocketImpl.startHandshake (SSLSocketImpl.java:421)
    at sun.net.www.protocol.https.HttpsClient.afterConnect (HttpsClient.java:580)
    at sun.net.www.protocol.https.AbstractDelegateHttpsURLConnection.connect (AbstractDelegateHttpsURLConnection.java:183)
    at sun.net.www.protocol.http.HttpURLConnection.getInputStream0 (HttpURLConnection.java:1665)
    at sun.net.www.protocol.http.HttpURLConnection.getInputStream (HttpURLConnection.java:1589)
    at java.net.HttpURLConnection.getResponseCode (HttpURLConnection.java:529)
    at sun.net.www.protocol.https.HttpsURLConnectionImpl.getResponseCode (HttpsURLConnectionImpl.java:308)
    at org.openrewrite.ipc.http.HttpUrlConnectionSender.send (HttpUrlConnectionSender.java:97)
    at org.openrewrite.maven.internal.MavenPomDownloader.lambda$sendRequest$1 (MavenPomDownloader.java:142)
    at dev.failsafe.Functions.lambda$toCtxSupplier$11 (Functions.java:243)
    at dev.failsafe.Functions.lambda$get$0 (Functions.java:46)
    at dev.failsafe.internal.RetryPolicyExecutor.lambda$apply$0 (RetryPolicyExecutor.java:74)
    at dev.failsafe.SyncExecutionImpl.executeSync (SyncExecutionImpl.java:187)
    at dev.failsafe.FailsafeExecutor.call (FailsafeExecutor.java:376)
    at dev.failsafe.FailsafeExecutor.get (FailsafeExecutor.java:112)
    at org.openrewrite.maven.internal.MavenPomDownloader.sendRequest (MavenPomDownloader.java:141)
    at org.openrewrite.maven.internal.MavenPomDownloader.normalizeRepository (MavenPomDownloader.java:741)
    at org.openrewrite.maven.internal.MavenPomDownloader.distinctNormalizedRepositories (MavenPomDownloader.java:663)
    at org.openrewrite.maven.internal.MavenPomDownloader.download (MavenPomDownloader.java:502)
    at org.openrewrite.maven.tree.ResolvedPom$Resolver.resolveParentPom (ResolvedPom.java:492)
    at org.openrewrite.maven.tree.ResolvedPom$Resolver.resolveParentDependenciesRecursively (ResolvedPom.java:427)
    at org.openrewrite.maven.tree.ResolvedPom$Resolver.resolveParentsRecursively (ResolvedPom.java:375)
    at org.openrewrite.maven.tree.ResolvedPom.resolveDependencies (ResolvedPom.java:838)
    at org.openrewrite.maven.tree.ResolvedPom.resolveDependencies (ResolvedPom.java:754)
    at org.openrewrite.maven.tree.MavenResolutionResult.resolveDependencies (MavenResolutionResult.java:174)
    at org.openrewrite.maven.MavenParser.parseInputs (MavenParser.java:116)
    at org.openrewrite.Parser.parse (Parser.java:59)
    at org.openrewrite.maven.MavenMojoProjectParser.parseMaven (MavenMojoProjectParser.java:557)
    at org.openrewrite.maven.MavenMojoProjectParser.listSourceFiles (MavenMojoProjectParser.java:149)
    at org.openrewrite.maven.AbstractRewriteMojo.loadSourceSet (AbstractRewriteMojo.java:258)
    at org.openrewrite.maven.AbstractRewriteMojo.listResults (AbstractRewriteMojo.java:240)
    at org.openrewrite.maven.AbstractRewriteRunMojo.execute (AbstractRewriteRunMojo.java:62)
    at org.apache.maven.plugin.DefaultBuildPluginManager.executeMojo (DefaultBuildPluginManager.java:126)
    at org.apache.maven.lifecycle.internal.MojoExecutor.doExecute2 (MojoExecutor.java:328)
    at org.apache.maven.lifecycle.internal.MojoExecutor.doExecute (MojoExecutor.java:316)
    at org.apache.maven.lifecycle.internal.MojoExecutor.execute (MojoExecutor.java:212)
    at org.apache.maven.lifecycle.internal.MojoExecutor.execute (MojoExecutor.java:174)
    at org.apache.maven.lifecycle.internal.MojoExecutor.access$000 (MojoExecutor.java:75)
    at org.apache.maven.lifecycle.internal.MojoExecutor$1.run (MojoExecutor.java:162)
    at org.apache.maven.plugin.DefaultMojosExecutionStrategy.execute (DefaultMojosExecutionStrategy.java:39)
    at org.apache.maven.lifecycle.internal.MojoExecutor.execute (MojoExecutor.java:159)
    at org.apache.maven.lifecycle.internal.LifecycleModuleBuilder.buildProject (LifecycleModuleBuilder.java:105)
    at org.apache.maven.lifecycle.internal.LifecycleModuleBuilder.buildProject (LifecycleModuleBuilder.java:73)
    at org.apache.maven.lifecycle.internal.builder.singlethreaded.SingleThreadedBuilder.build (SingleThreadedBuilder.java:53)
    at org.apache.maven.lifecycle.internal.LifecycleStarter.execute (LifecycleStarter.java:118)
    at org.apache.maven.DefaultMaven.doExecute (DefaultMaven.java:261)
    at org.apache.maven.DefaultMaven.doExecute (DefaultMaven.java:173)
    at org.apache.maven.DefaultMaven.execute (DefaultMaven.java:101)
    at org.apache.maven.cli.MavenCli.execute (MavenCli.java:906)
    at org.apache.maven.cli.MavenCli.doMain (MavenCli.java:283)
    at org.apache.maven.cli.MavenCli.main (MavenCli.java:206)
    at jdk.internal.reflect.NativeMethodAccessorImpl.invoke0 (Native Method)
    at jdk.internal.reflect.NativeMethodAccessorImpl.invoke (NativeMethodAccessorImpl.java:77)
    at jdk.internal.reflect.DelegatingMethodAccessorImpl.invoke (DelegatingMethodAccessorImpl.java:43)
    at java.lang.reflect.Method.invoke (Method.java:568)
    at org.codehaus.plexus.classworlds.launcher.Launcher.launchEnhanced (Launcher.java:283)
    at org.codehaus.plexus.classworlds.launcher.Launcher.launch (Launcher.java:226)
    at org.codehaus.plexus.classworlds.launcher.Launcher.mainWithExitCode (Launcher.java:407)
    at org.codehaus.plexus.classworlds.launcher.Launcher.main (Launcher.java:348)
Caused by: sun.security.validator.ValidatorException: PKIX path building failed: sun.security.provider.certpath.SunCertPathBuilderException: unable to find valid certification path to requested target
    at sun.security.validator.PKIXValidator.doBuild (PKIXValidator.java:439)
    at sun.security.validator.PKIXValidator.engineValidate (PKIXValidator.java:249)
    at sun.security.validator.Validator.validate (Validator.java:264)
    at sun.security.ssl.X509TrustManagerImpl.checkTrusted (X509TrustManagerImpl.java:231)
    at sun.security.ssl.X509TrustManagerImpl.checkServerTrusted (X509TrustManagerImpl.java:132)
    at sun.security.ssl.CertificateMessage$T12CertificateConsumer.checkServerCerts (CertificateMessage.java:638)
    at sun.security.ssl.CertificateMessage$T12CertificateConsumer.onCertificate (CertificateMessage.java:473)
    at sun.security.ssl.CertificateMessage$T12CertificateConsumer.consume (CertificateMessage.java:369)
    at sun.security.ssl.SSLHandshake.consume (SSLHandshake.java:396)
    at sun.security.ssl.HandshakeContext.dispatch (HandshakeContext.java:480)
    at sun.security.ssl.HandshakeContext.dispatch (HandshakeContext.java:458)
    at sun.security.ssl.TransportContext.dispatch (TransportContext.java:201)
    at sun.security.ssl.SSLTransport.decode (SSLTransport.java:172)
    at sun.security.ssl.SSLSocketImpl.decode (SSLSocketImpl.java:1500)
    at sun.security.ssl.SSLSocketImpl.readHandshakeRecord (SSLSocketImpl.java:1415)
    at sun.security.ssl.SSLSocketImpl.startHandshake (SSLSocketImpl.java:450)
    at sun.security.ssl.SSLSocketImpl.startHandshake (SSLSocketImpl.java:421)
    at sun.net.www.protocol.https.HttpsClient.afterConnect (HttpsClient.java:580)
    at sun.net.www.protocol.https.AbstractDelegateHttpsURLConnection.connect (AbstractDelegateHttpsURLConnection.java:183)
    at sun.net.www.protocol.http.HttpURLConnection.getInputStream0 (HttpURLConnection.java:1665)
    at sun.net.www.protocol.http.HttpURLConnection.getInputStream (HttpURLConnection.java:1589)
    at java.net.HttpURLConnection.getResponseCode (HttpURLConnection.java:529)
    at sun.net.www.protocol.https.HttpsURLConnectionImpl.getResponseCode (HttpsURLConnectionImpl.java:308)
    at org.openrewrite.ipc.http.HttpUrlConnectionSender.send (HttpUrlConnectionSender.java:97)
    at org.openrewrite.maven.internal.MavenPomDownloader.lambda$sendRequest$1 (MavenPomDownloader.java:142)
    at dev.failsafe.Functions.lambda$toCtxSupplier$11 (Functions.java:243)
    at dev.failsafe.Functions.lambda$get$0 (Functions.java:46)
    at dev.failsafe.internal.RetryPolicyExecutor.lambda$apply$0 (RetryPolicyExecutor.java:74)
    at dev.failsafe.SyncExecutionImpl.executeSync (SyncExecutionImpl.java:187)
    at dev.failsafe.FailsafeExecutor.call (FailsafeExecutor.java:376)
    at dev.failsafe.FailsafeExecutor.get (FailsafeExecutor.java:112)
    at org.openrewrite.maven.internal.MavenPomDownloader.sendRequest (MavenPomDownloader.java:141)
    at org.openrewrite.maven.internal.MavenPomDownloader.normalizeRepository (MavenPomDownloader.java:741)
    at org.openrewrite.maven.internal.MavenPomDownloader.distinctNormalizedRepositories (MavenPomDownloader.java:663)
    at org.openrewrite.maven.internal.MavenPomDownloader.download (MavenPomDownloader.java:502)
    at org.openrewrite.maven.tree.ResolvedPom$Resolver.resolveParentPom (ResolvedPom.java:492)
    at org.openrewrite.maven.tree.ResolvedPom$Resolver.resolveParentDependenciesRecursively (ResolvedPom.java:427)
    at org.openrewrite.maven.tree.ResolvedPom$Resolver.resolveParentsRecursively (ResolvedPom.java:375)
    at org.openrewrite.maven.tree.ResolvedPom.resolveDependencies (ResolvedPom.java:838)
    at org.openrewrite.maven.tree.ResolvedPom.resolveDependencies (ResolvedPom.java:754)
    at org.openrewrite.maven.tree.MavenResolutionResult.resolveDependencies (MavenResolutionResult.java:174)
    at org.openrewrite.maven.MavenParser.parseInputs (MavenParser.java:116)
    at org.openrewrite.Parser.parse (Parser.java:59)
    at org.openrewrite.maven.MavenMojoProjectParser.parseMaven (MavenMojoProjectParser.java:557)
    at org.openrewrite.maven.MavenMojoProjectParser.listSourceFiles (MavenMojoProjectParser.java:149)
    at org.openrewrite.maven.AbstractRewriteMojo.loadSourceSet (AbstractRewriteMojo.java:258)
    at org.openrewrite.maven.AbstractRewriteMojo.listResults (AbstractRewriteMojo.java:240)
    at org.openrewrite.maven.AbstractRewriteRunMojo.execute (AbstractRewriteRunMojo.java:62)
    at org.apache.maven.plugin.DefaultBuildPluginManager.executeMojo (DefaultBuildPluginManager.java:126)
    at org.apache.maven.lifecycle.internal.MojoExecutor.doExecute2 (MojoExecutor.java:328)
    at org.apache.maven.lifecycle.internal.MojoExecutor.doExecute (MojoExecutor.java:316)
    at org.apache.maven.lifecycle.internal.MojoExecutor.execute (MojoExecutor.java:212)
    at org.apache.maven.lifecycle.internal.MojoExecutor.execute (MojoExecutor.java:174)
    at org.apache.maven.lifecycle.internal.MojoExecutor.access$000 (MojoExecutor.java:75)
    at org.apache.maven.lifecycle.internal.MojoExecutor$1.run (MojoExecutor.java:162)
    at org.apache.maven.plugin.DefaultMojosExecutionStrategy.execute (DefaultMojosExecutionStrategy.java:39)
    at org.apache.maven.lifecycle.internal.MojoExecutor.execute (MojoExecutor.java:159)
    at org.apache.maven.lifecycle.internal.LifecycleModuleBuilder.buildProject (LifecycleModuleBuilder.java:105)
    at org.apache.maven.lifecycle.internal.LifecycleModuleBuilder.buildProject (LifecycleModuleBuilder.java:73)
    at org.apache.maven.lifecycle.internal.builder.singlethreaded.SingleThreadedBuilder.build (SingleThreadedBuilder.java:53)
    at org.apache.maven.lifecycle.internal.LifecycleStarter.execute (LifecycleStarter.java:118)
    at org.apache.maven.DefaultMaven.doExecute (DefaultMaven.java:261)
    at org.apache.maven.DefaultMaven.doExecute (DefaultMaven.java:173)
    at org.apache.maven.DefaultMaven.execute (DefaultMaven.java:101)
    at org.apache.maven.cli.MavenCli.execute (MavenCli.java:906)
    at org.apache.maven.cli.MavenCli.doMain (MavenCli.java:283)
    at org.apache.maven.cli.MavenCli.main (MavenCli.java:206)
    at jdk.internal.reflect.NativeMethodAccessorImpl.invoke0 (Native Method)
    at jdk.internal.reflect.NativeMethodAccessorImpl.invoke (NativeMethodAccessorImpl.java:77)
    at jdk.internal.reflect.DelegatingMethodAccessorImpl.invoke (DelegatingMethodAccessorImpl.java:43)
    at java.lang.reflect.Method.invoke (Method.java:568)
    at org.codehaus.plexus.classworlds.launcher.Launcher.launchEnhanced (Launcher.java:283)
    at org.codehaus.plexus.classworlds.launcher.Launcher.launch (Launcher.java:226)
    at org.codehaus.plexus.classworlds.launcher.Launcher.mainWithExitCode (Launcher.java:407)
    at org.codehaus.plexus.classworlds.launcher.Launcher.main (Launcher.java:348)
Caused by: sun.security.provider.certpath.SunCertPathBuilderException: unable to find valid certification path to requested target
    at sun.security.provider.certpath.SunCertPathBuilder.build (SunCertPathBuilder.java:141)
    at sun.security.provider.certpath.SunCertPathBuilder.engineBuild (SunCertPathBuilder.java:126)
    at java.security.cert.CertPathBuilder.build (CertPathBuilder.java:297)
    at sun.security.validator.PKIXValidator.doBuild (PKIXValidator.java:434)
    at sun.security.validator.PKIXValidator.engineValidate (PKIXValidator.java:249)
    at sun.security.validator.Validator.validate (Validator.java:264)
    at sun.security.ssl.X509TrustManagerImpl.checkTrusted (X509TrustManagerImpl.java:231)
    at sun.security.ssl.X509TrustManagerImpl.checkServerTrusted (X509TrustManagerImpl.java:132)
    at sun.security.ssl.CertificateMessage$T12CertificateConsumer.checkServerCerts (CertificateMessage.java:638)
    at sun.security.ssl.CertificateMessage$T12CertificateConsumer.onCertificate (CertificateMessage.java:473)
    at sun.security.ssl.CertificateMessage$T12CertificateConsumer.consume (CertificateMessage.java:369)
    at sun.security.ssl.SSLHandshake.consume (SSLHandshake.java:396)
    at sun.security.ssl.HandshakeContext.dispatch (HandshakeContext.java:480)
    at sun.security.ssl.HandshakeContext.dispatch (HandshakeContext.java:458)
    at sun.security.ssl.TransportContext.dispatch (TransportContext.java:201)
    at sun.security.ssl.SSLTransport.decode (SSLTransport.java:172)
    at sun.security.ssl.SSLSocketImpl.decode (SSLSocketImpl.java:1500)
    at sun.security.ssl.SSLSocketImpl.readHandshakeRecord (SSLSocketImpl.java:1415)
    at sun.security.ssl.SSLSocketImpl.startHandshake (SSLSocketImpl.java:450)
    at sun.security.ssl.SSLSocketImpl.startHandshake (SSLSocketImpl.java:421)
    at sun.net.www.protocol.https.HttpsClient.afterConnect (HttpsClient.java:580)
    at sun.net.www.protocol.https.AbstractDelegateHttpsURLConnection.connect (AbstractDelegateHttpsURLConnection.java:183)
    at sun.net.www.protocol.http.HttpURLConnection.getInputStream0 (HttpURLConnection.java:1665)
    at sun.net.www.protocol.http.HttpURLConnection.getInputStream (HttpURLConnection.java:1589)
    at java.net.HttpURLConnection.getResponseCode (HttpURLConnection.java:529)
    at sun.net.www.protocol.https.HttpsURLConnectionImpl.getResponseCode (HttpsURLConnectionImpl.java:308)
    at org.openrewrite.ipc.http.HttpUrlConnectionSender.send (HttpUrlConnectionSender.java:97)
    at org.openrewrite.maven.internal.MavenPomDownloader.lambda$sendRequest$1 (MavenPomDownloader.java:142)
    at dev.failsafe.Functions.lambda$toCtxSupplier$11 (Functions.java:243)
    at dev.failsafe.Functions.lambda$get$0 (Functions.java:46)
    at dev.failsafe.internal.RetryPolicyExecutor.lambda$apply$0 (RetryPolicyExecutor.java:74)
    at dev.failsafe.SyncExecutionImpl.executeSync (SyncExecutionImpl.java:187)
    at dev.failsafe.FailsafeExecutor.call (FailsafeExecutor.java:376)
    at dev.failsafe.FailsafeExecutor.get (FailsafeExecutor.java:112)
    at org.openrewrite.maven.internal.MavenPomDownloader.sendRequest (MavenPomDownloader.java:141)
    at org.openrewrite.maven.internal.MavenPomDownloader.normalizeRepository (MavenPomDownloader.java:741)
    at org.openrewrite.maven.internal.MavenPomDownloader.distinctNormalizedRepositories (MavenPomDownloader.java:663)
    at org.openrewrite.maven.internal.MavenPomDownloader.download (MavenPomDownloader.java:502)
    at org.openrewrite.maven.tree.ResolvedPom$Resolver.resolveParentPom (ResolvedPom.java:492)
    at org.openrewrite.maven.tree.ResolvedPom$Resolver.resolveParentDependenciesRecursively (ResolvedPom.java:427)
    at org.openrewrite.maven.tree.ResolvedPom$Resolver.resolveParentsRecursively (ResolvedPom.java:375)
    at org.openrewrite.maven.tree.ResolvedPom.resolveDependencies (ResolvedPom.java:838)
    at org.openrewrite.maven.tree.ResolvedPom.resolveDependencies (ResolvedPom.java:754)
    at org.openrewrite.maven.tree.MavenResolutionResult.resolveDependencies (MavenResolutionResult.java:174)
    at org.openrewrite.maven.MavenParser.parseInputs (MavenParser.java:116)
    at org.openrewrite.Parser.parse (Parser.java:59)
    at org.openrewrite.maven.MavenMojoProjectParser.parseMaven (MavenMojoProjectParser.java:557)
    at org.openrewrite.maven.MavenMojoProjectParser.listSourceFiles (MavenMojoProjectParser.java:149)
    at org.openrewrite.maven.AbstractRewriteMojo.loadSourceSet (AbstractRewriteMojo.java:258)
    at org.openrewrite.maven.AbstractRewriteMojo.listResults (AbstractRewriteMojo.java:240)
    at org.openrewrite.maven.AbstractRewriteRunMojo.execute (AbstractRewriteRunMojo.java:62)
    at org.apache.maven.plugin.DefaultBuildPluginManager.executeMojo (DefaultBuildPluginManager.java:126)
    at org.apache.maven.lifecycle.internal.MojoExecutor.doExecute2 (MojoExecutor.java:328)
    at org.apache.maven.lifecycle.internal.MojoExecutor.doExecute (MojoExecutor.java:316)
    at org.apache.maven.lifecycle.internal.MojoExecutor.execute (MojoExecutor.java:212)
    at org.apache.maven.lifecycle.internal.MojoExecutor.execute (MojoExecutor.java:174)
    at org.apache.maven.lifecycle.internal.MojoExecutor.access$000 (MojoExecutor.java:75)
    at org.apache.maven.lifecycle.internal.MojoExecutor$1.run (MojoExecutor.java:162)
    at org.apache.maven.plugin.DefaultMojosExecutionStrategy.execute (DefaultMojosExecutionStrategy.java:39)
    at org.apache.maven.lifecycle.internal.MojoExecutor.execute (MojoExecutor.java:159)
    at org.apache.maven.lifecycle.internal.LifecycleModuleBuilder.buildProject (LifecycleModuleBuilder.java:105)
    at org.apache.maven.lifecycle.internal.LifecycleModuleBuilder.buildProject (LifecycleModuleBuilder.java:73)
    at org.apache.maven.lifecycle.internal.builder.singlethreaded.SingleThreadedBuilder.build (SingleThreadedBuilder.java:53)
    at org.apache.maven.lifecycle.internal.LifecycleStarter.execute (LifecycleStarter.java:118)
    at org.apache.maven.DefaultMaven.doExecute (DefaultMaven.java:261)
    at org.apache.maven.DefaultMaven.doExecute (DefaultMaven.java:173)
    at org.apache.maven.DefaultMaven.execute (DefaultMaven.java:101)
    at org.apache.maven.cli.MavenCli.execute (MavenCli.java:906)
    at org.apache.maven.cli.MavenCli.doMain (MavenCli.java:283)
    at org.apache.maven.cli.MavenCli.main (MavenCli.java:206)
    at jdk.internal.reflect.NativeMethodAccessorImpl.invoke0 (Native Method)
    at jdk.internal.reflect.NativeMethodAccessorImpl.invoke (NativeMethodAccessorImpl.java:77)
    at jdk.internal.reflect.DelegatingMethodAccessorImpl.invoke (DelegatingMethodAccessorImpl.java:43)
    at java.lang.reflect.Method.invoke (Method.java:568)
    at org.codehaus.plexus.classworlds.launcher.Launcher.launchEnhanced (Launcher.java:283)
    at org.codehaus.plexus.classworlds.launcher.Launcher.launch (Launcher.java:226)
    at org.codehaus.plexus.classworlds.launcher.Launcher.mainWithExitCode (Launcher.java:407)
    at org.codehaus.plexus.classworlds.launcher.Launcher.main (Launcher.java:348)
[INFO] Project [ModResorts] Parsing source files
[INFO] Not parsing quark /root/source/modresorts/modresorts/src/main/liberty/lib/wmq.jmsra.rar as its size 19 MB exceeds size threshold 10 MB
[INFO] Not parsing quark /root/source/modresorts/modresorts/was-dependency/com.ibm.ws.runtime.jar as its size 40 MB exceeds size threshold 10 MB
[INFO] Running recipe(s)...
[INFO] ------------------------------------------------------------------------
[INFO] BUILD SUCCESS
[INFO] ------------------------------------------------------------------------
[INFO] Total time:  17.534 s
[INFO] Finished at: 2024-04-04T08:48:05-04:00
[INFO] ------------------------------------------------------------------------
[0m
