org.openrewrite.java.migrate.JpaCacheProperties
org.openrewrite.java.migrate.javaee7.OpenJPAPersistenceProvider
