         "ruleId": "CLDRLocaleDataByDefault",
         "ruleId": "DetectMBeanOperationInfoConstructor",
         "ruleId": "HiddenThirdPartyAPIInUseApache",
         "ruleId": "Java11VersionNumberChange",
         "ruleId": "Java17GeneralInfoAndPotentialIssues",
         "ruleId": "jre17RegexBehaviorChange",
         "ruleId": "RemovedSunAPIs",
         "ruleId": "RemoveWas2LibertyNonPortableJndiLookup",
         "ruleId": "RunJDeps",
         "ruleId": "ServerName",
         "ruleId": "WebSphereUnavailableSSOCookieMethod",
