      "--targetJava=java11",
      "--targetJavaEE=ee7",
