      "recipe": "org.openrewrite.java.liberty.RemoveWas2LibertyNonPortableJndiLookup",
      "recipe": "org.openrewrite.java.liberty.ServerName",
      "recipe": "org.openrewrite.java.liberty.WebSphereUnavailableSSOCookieMethod",
