should we see error ???? or message to say no rule 
