/root/.ibm_java_app_mod/com.acme.modres_modresorts_2.0.0/migration_bundle/reports/modresorts-2.0.0.war_AnalysisReport.json
