/root/.ibm_java_app_mod/com_acme-modresorts.30_modresorts_2.0.0
